dem-kern: merging 2 tiles at 0.0004 deg
= dem-kern: 1750x2000 -> dem-kern.tif (2.6 MB)
dem-lahontan: merging 36 tiles at 0.0025 deg
= dem-lahontan: 2080x1920 -> dem-lahontan.tif (3.8 MB)
dem-pyramid: merging 4 tiles at 0.000833 deg
= dem-pyramid: 1441x1200 -> dem-pyramid.tif (1.2 MB)
  dem-west: no tile Copernicus_DSM_COG_30_N31_00_W125_00_DEM.tif (RasterioIOError)
  dem-west: no tile Copernicus_DSM_COG_30_N31_00_W124_00_DEM.tif (RasterioIOError)
  dem-west: no tile Copernicus_DSM_COG_30_N31_00_W123_00_DEM.tif (RasterioIOError)
  dem-west: no tile Copernicus_DSM_COG_30_N31_00_W122_00_DEM.tif (RasterioIOError)
  dem-west: no tile Copernicus_DSM_COG_30_N31_00_W121_00_DEM.tif (RasterioIOError)
  dem-west: no tile Copernicus_DSM_COG_30_N31_00_W120_00_DEM.tif (RasterioIOError)
  dem-west: no tile Copernicus_DSM_COG_30_N31_00_W119_00_DEM.tif (RasterioIOError)
  dem-west: no tile Copernicus_DSM_COG_30_N31_00_W118_00_DEM.tif (RasterioIOError)
  dem-west: no tile Copernicus_DSM_COG_30_N32_00_W125_00_DEM.tif (RasterioIOError)
  dem-west: no tile Copernicus_DSM_COG_30_N32_00_W124_00_DEM.tif (RasterioIOError)
  dem-west: no tile Copernicus_DSM_COG_30_N32_00_W123_00_DEM.tif (RasterioIOError)
  dem-west: no tile Copernicus_DSM_COG_30_N32_00_W122_00_DEM.tif (RasterioIOError)
  dem-west: no tile Copernicus_DSM_COG_30_N32_00_W121_00_DEM.tif (RasterioIOError)
  dem-west: no tile Copernicus_DSM_COG_30_N32_00_W120_00_DEM.tif (RasterioIOError)
  dem-west: no tile Copernicus_DSM_COG_30_N33_00_W125_00_DEM.tif (RasterioIOError)
  dem-west: no tile Copernicus_DSM_COG_30_N33_00_W124_00_DEM.tif (RasterioIOError)
  dem-west: no tile Copernicus_DSM_COG_30_N33_00_W123_00_DEM.tif (RasterioIOError)
  dem-west: no tile Copernicus_DSM_COG_30_N33_00_W122_00_DEM.tif (RasterioIOError)
  dem-west: no tile Copernicus_DSM_COG_30_N34_00_W125_00_DEM.tif (RasterioIOError)
  dem-west: no tile Copernicus_DSM_COG_30_N34_00_W124_00_DEM.tif (RasterioIOError)
  dem-west: no tile Copernicus_DSM_COG_30_N34_00_W123_00_DEM.tif (RasterioIOError)
  dem-west: no tile Copernicus_DSM_COG_30_N34_00_W122_00_DEM.tif (RasterioIOError)
  dem-west: no tile Copernicus_DSM_COG_30_N35_00_W125_00_DEM.tif (RasterioIOError)
  dem-west: no tile Copernicus_DSM_COG_30_N35_00_W124_00_DEM.tif (RasterioIOError)
  dem-west: no tile Copernicus_DSM_COG_30_N35_00_W123_00_DEM.tif (RasterioIOError)
  dem-west: no tile Copernicus_DSM_COG_30_N36_00_W125_00_DEM.tif (RasterioIOError)
  dem-west: no tile Copernicus_DSM_COG_30_N36_00_W124_00_DEM.tif (RasterioIOError)
  dem-west: no tile Copernicus_DSM_COG_30_N37_00_W125_00_DEM.tif (RasterioIOError)
  dem-west: no tile Copernicus_DSM_COG_30_N38_00_W125_00_DEM.tif (RasterioIOError)
dem-west: merging 408 tiles at 0.01 deg
= dem-west: 2300x1850 -> dem-west.tif (4.4 MB)
= osm-kern: 324 features -> osm-kern.geojson
  osm-pyramid: overpass try 1 failed (HTTP Error 504: Gateway Timeout)
  osm-pyramid: overpass try 2 failed (HTTP Error 504: Gateway Timeout)
= osm-pyramid: 257 features -> osm-pyramid.geojson
